[bull-of-tron.com/indexecbb.html]
[bull-of-tron.com/assets/images/index-meta.png]
[backblue.gif]
[fade.gif]
[index.html]
[bull-of-tron.com/assets/images/favicon.ico]
[bull-of-tron.com/assets/web/assets/mobirise-icons/mobirise-icons.css]
[bull-of-tron.com/assets/bootstrap/css/bootstrap.min.css]
[bull-of-tron.com/assets/bootstrap/css/bootstrap-grid.min.css]
[bull-of-tron.com/assets/bootstrap/css/bootstrap-reboot.min.css]
[bull-of-tron.com/assets/tether/tether.min.css]
[bull-of-tron.com/assets/dropdown/css/style.css]
[bull-of-tron.com/assets/theme/css/style.css]
[bull-of-tron.com/assets/mobirise/css/mbr-additional.css]
[gtranslate.net/flags/blank.png]
[gtranslate.net/flags/32.png]
[gtranslate.net/flags/32a.png]
[translate.google.com/translate_a/element.d7876.delayed]
[bull-of-tron.com/assets/images/logotrans-579x579.png]
[bull-of-tron.com/index2.html]
[bull-of-tron.com/index2a3b.html]
[bull-of-tron.com/assets/web/assets/jquery/jquery.min.js]
[bull-of-tron.com/assets/popper/popper.min.js]
[bull-of-tron.com/assets/bootstrap/js/bootstrap.min.js]
[bull-of-tron.com/assets/tether/tether.min.js]
[bull-of-tron.com/assets/smoothscroll/smooth-scroll.js]
[bull-of-tron.com/assets/touchswipe/jquery.touch-swipe.min.js]
[bull-of-tron.com/assets/viewportchecker/jquery.viewportchecker.js]
[bull-of-tron.com/assets/bootstrapcarouselswipe/bootstrap-carousel-swipe.js]
[bull-of-tron.com/assets/mbr-clients-slider/mbr-clients-slider.js]
[bull-of-tron.com/assets/dropdown/js/nav-dropdown.js]
[bull-of-tron.com/assets/dropdown/js/navbar-dropdown.js]
[bull-of-tron.com/indexecbb.html]
[bull-of-tron.com/assets/theme/js/script.js]
[bull-of-tron.com/assets/web/assets/mobirise-icons/mobirise-icons0e1c.eot]
[bull-of-tron.com/assets/web/assets/mobirise-icons/mobirise-icons0e1c.ttf]
[bull-of-tron.com/assets/web/assets/mobirise-icons/mobirise-icons0e1c.woff]
[bull-of-tron.com/assets/web/assets/mobirise-icons/mobirise-icons.css]
[bull-of-tron.com/assets/bootstrap/css/bootstrap.min.css]
[bull-of-tron.com/assets/web/assets/mobirise-icons/mobirise-icons0e1c.svg]
[bull-of-tron.com/assets/bootstrap/css/bootstrap-grid.min.css]
[bull-of-tron.com/assets/bootstrap/css/bootstrap-reboot.min.css]
[bull-of-tron.com/assets/tether/tether.min.css]
[bull-of-tron.com/assets/dropdown/css/style.css]
[bull-of-tron.com/assets/theme/css/style.css]
[bull-of-tron.com/assets/mobirise/css/mbr-additional.css]
[translate.google.com/translate_a/element7876.html]
[bull-of-tron.com/index2.html]
[bull-of-tron.com/index2a3b.html]
[bull-of-tron.com/assets/web/assets/mobirise-icons/mobirise-icons0e1c.svg]
